42tester 0.1.0-phase1
Project: /home/kpiwan/Projects/42-projects/common-core/libft
Module: libft
Build mode: DIRECT / PARTIAL
Seed: 1698914758936528743

Norminette: PASS
  stdout:
ft_itoa.c: Error!
Error: TOO_FEW_TAB          (line:  20, col:  15):	Missing tabs for indent level
Error: TOO_MANY_INSTR       (line:  20, col:  15):	Too many instructions on a single line
ft_isalnum.c: OK!
ft_strchr.c: OK!
ft_putnbr_fd.c: OK!
ft_isdigit.c: OK!
ft_bzero.c: OK!
ft_strrchr.c: OK!
ft_memchr.c: OK!
ft_toupper.c: OK!
ft_strlcpy.c: OK!
ft_putendl_fd.c: OK!
ft_isprint.c: OK!
ft_isalpha.c: OK!
ft_putchar_fd.c: OK!
ft_strlcat.c: OK!
ft_strlen.c: OK!
ft_atoi.c: OK!
libft.h: OK!
ft_strncmp.c: OK!
ft_isascii.c: OK!
ft_tolower.c: OK!
ft_calloc.c: OK!
ft_memset.c: OK!
ft_putstr_fd.c: OK!
ft_isalpha: PASS
  PASS ft_isalpha.basic (0.172 ms)

Summary:
1 PASS
0 FAIL
0 CRASH
0 TIMEOUT
0 LEAK
0 SKIP
0 ERROR
ft_isdigit: PASS
  PASS ft_isdigit.basic (0.176 ms)

Summary:
1 PASS
0 FAIL
0 CRASH
0 TIMEOUT
0 LEAK
0 SKIP
0 ERROR
ft_isalnum: PASS (compiled; no registered tests)
ft_isascii: PASS (compiled; no registered tests)
ft_isprint: PASS (compiled; no registered tests)
ft_strlen: PASS
  PASS ft_strlen.basic (0.139 ms)
  PASS ft_strlen.empty (0.128 ms)
  PASS ft_strlen.boundary (0.128 ms)
  PASS ft_strlen.random iteration=0 test_seed=8054392460757358451 (0.267 ms)
  PASS ft_strlen.random iteration=1 test_seed=17476493248339592896 (0.301 ms)
  PASS ft_strlen.random iteration=2 test_seed=208218584725805226 (0.150 ms)
  PASS ft_strlen.random iteration=3 test_seed=13831756459518046686 (0.195 ms)
  PASS ft_strlen.random iteration=4 test_seed=6228592086381713006 (0.180 ms)
  PASS ft_strlen.random iteration=5 test_seed=17207207310396839044 (0.189 ms)
  PASS ft_strlen.random iteration=6 test_seed=5005180677017164530 (0.148 ms)
  PASS ft_strlen.random iteration=7 test_seed=16913803745242057888 (0.103 ms)
  PASS ft_strlen.random iteration=8 test_seed=7153967636258532315 (0.175 ms)
  PASS ft_strlen.random iteration=9 test_seed=17651092633908516776 (0.182 ms)
  PASS ft_strlen.random iteration=10 test_seed=1570659052429107939 (0.107 ms)
  PASS ft_strlen.random iteration=11 test_seed=10078489144019478649 (0.197 ms)
  PASS ft_strlen.random iteration=12 test_seed=8740624428145781581 (0.271 ms)
  PASS ft_strlen.random iteration=13 test_seed=10781883298793141180 (0.143 ms)
  PASS ft_strlen.random iteration=14 test_seed=13981122811877634869 (0.148 ms)
  PASS ft_strlen.random iteration=15 test_seed=3741652224283113454 (0.163 ms)
  PASS ft_strlen.random iteration=16 test_seed=1187836286590770868 (0.181 ms)
  PASS ft_strlen.random iteration=17 test_seed=7601102031740996627 (0.255 ms)
  PASS ft_strlen.random iteration=18 test_seed=12900907389250337646 (0.224 ms)
  PASS ft_strlen.random iteration=19 test_seed=16120108921969383978 (0.096 ms)
  PASS ft_strlen.random iteration=20 test_seed=16295051968259145540 (0.266 ms)
  PASS ft_strlen.random iteration=21 test_seed=2725446957623967484 (0.256 ms)
  PASS ft_strlen.random iteration=22 test_seed=3975638931515579221 (0.248 ms)
  PASS ft_strlen.random iteration=23 test_seed=7079842525346624687 (0.194 ms)
  PASS ft_strlen.random iteration=24 test_seed=8345573799388619497 (0.244 ms)
  PASS ft_strlen.random iteration=25 test_seed=13563072846267633338 (0.186 ms)
  PASS ft_strlen.random iteration=26 test_seed=5034836048735671070 (0.145 ms)
  PASS ft_strlen.random iteration=27 test_seed=10456500565171634332 (0.252 ms)
  PASS ft_strlen.random iteration=28 test_seed=12920525527429814953 (0.110 ms)
  PASS ft_strlen.random iteration=29 test_seed=3193717249227041848 (0.148 ms)
  PASS ft_strlen.random iteration=30 test_seed=7745946799410534122 (0.192 ms)
  PASS ft_strlen.random iteration=31 test_seed=17037392552864561699 (0.111 ms)
  PASS ft_strlen.random iteration=32 test_seed=8444107988330996074 (0.176 ms)
  PASS ft_strlen.random iteration=33 test_seed=15130126003981878612 (0.223 ms)
  PASS ft_strlen.random iteration=34 test_seed=15268826146579839740 (0.186 ms)
  PASS ft_strlen.random iteration=35 test_seed=6058844544770857939 (0.118 ms)
  PASS ft_strlen.random iteration=36 test_seed=11557182972433180054 (0.258 ms)
  PASS ft_strlen.random iteration=37 test_seed=18103109770625263812 (0.161 ms)
  PASS ft_strlen.random iteration=38 test_seed=15650949393090062443 (0.137 ms)
  PASS ft_strlen.random iteration=39 test_seed=15865548893026125252 (0.183 ms)
  PASS ft_strlen.random iteration=40 test_seed=4140435312910552184 (0.221 ms)
  PASS ft_strlen.random iteration=41 test_seed=14947746482104313663 (0.275 ms)
  PASS ft_strlen.random iteration=42 test_seed=4938359427577309717 (0.157 ms)
  PASS ft_strlen.random iteration=43 test_seed=3279650522261047570 (0.262 ms)
  PASS ft_strlen.random iteration=44 test_seed=3598637089071391481 (0.251 ms)
  PASS ft_strlen.random iteration=45 test_seed=10004328655141396407 (0.100 ms)
  PASS ft_strlen.random iteration=46 test_seed=4220927331782932365 (0.179 ms)
  PASS ft_strlen.random iteration=47 test_seed=6898879761641163748 (0.203 ms)
  PASS ft_strlen.random iteration=48 test_seed=10401164118165658391 (0.222 ms)
  PASS ft_strlen.random iteration=49 test_seed=11259228172334102732 (0.108 ms)
  PASS ft_strlen.random iteration=50 test_seed=9515231095863315222 (0.105 ms)
  PASS ft_strlen.random iteration=51 test_seed=10160502268827981922 (0.180 ms)
  PASS ft_strlen.random iteration=52 test_seed=7200111015565329780 (0.097 ms)
  PASS ft_strlen.random iteration=53 test_seed=17716535984028598814 (0.135 ms)
  PASS ft_strlen.random iteration=54 test_seed=8640118806138213286 (0.109 ms)
  PASS ft_strlen.random iteration=55 test_seed=847644246567400476 (0.101 ms)
  PASS ft_strlen.random iteration=56 test_seed=8647047618340705643 (0.115 ms)
  PASS ft_strlen.random iteration=57 test_seed=10781388897519607801 (0.176 ms)
  PASS ft_strlen.random iteration=58 test_seed=436312306837777024 (0.183 ms)
  PASS ft_strlen.random iteration=59 test_seed=2984464783542476512 (0.224 ms)
  PASS ft_strlen.random iteration=60 test_seed=4192078624807867709 (0.272 ms)
  PASS ft_strlen.random iteration=61 test_seed=3228239318731262991 (0.109 ms)
  PASS ft_strlen.random iteration=62 test_seed=12197564691064727256 (0.232 ms)
  PASS ft_strlen.random iteration=63 test_seed=16772190663883174658 (0.103 ms)
  PASS ft_strlen.random iteration=64 test_seed=13249505703782392463 (0.294 ms)
  PASS ft_strlen.random iteration=65 test_seed=1008043303122010686 (0.222 ms)
  PASS ft_strlen.random iteration=66 test_seed=3596170144090555386 (0.153 ms)
  PASS ft_strlen.random iteration=67 test_seed=1817266645372907881 (0.252 ms)
  PASS ft_strlen.random iteration=68 test_seed=2546350652574618905 (0.125 ms)
  PASS ft_strlen.random iteration=69 test_seed=6933600181885232428 (0.159 ms)
  PASS ft_strlen.random iteration=70 test_seed=4395488203418678183 (0.309 ms)
  PASS ft_strlen.random iteration=71 test_seed=8589309658356745096 (0.179 ms)
  PASS ft_strlen.random iteration=72 test_seed=2834174532568223644 (0.113 ms)
  PASS ft_strlen.random iteration=73 test_seed=16470782891672838479 (0.305 ms)
  PASS ft_strlen.random iteration=74 test_seed=2414780137456355571 (0.223 ms)
  PASS ft_strlen.random iteration=75 test_seed=12712323306936370074 (0.100 ms)
  PASS ft_strlen.random iteration=76 test_seed=9574475036963830697 (0.187 ms)
  PASS ft_strlen.random iteration=77 test_seed=1855185487079038333 (0.098 ms)
  PASS ft_strlen.random iteration=78 test_seed=7783450104893327122 (0.138 ms)
  PASS ft_strlen.random iteration=79 test_seed=10084376166053439501 (0.105 ms)
  PASS ft_strlen.random iteration=80 test_seed=11487906643131562491 (0.265 ms)
  PASS ft_strlen.random iteration=81 test_seed=2150539509111579295 (0.106 ms)
  PASS ft_strlen.random iteration=82 test_seed=14136387245632296575 (0.104 ms)
  PASS ft_strlen.random iteration=83 test_seed=191533309788724032 (0.103 ms)
  PASS ft_strlen.random iteration=84 test_seed=20923941904608250 (0.102 ms)
  PASS ft_strlen.random iteration=85 test_seed=16642740062545490921 (0.188 ms)
  PASS ft_strlen.random iteration=86 test_seed=17768574133893212292 (0.165 ms)
  PASS ft_strlen.random iteration=87 test_seed=17195468882349479685 (0.231 ms)
  PASS ft_strlen.random iteration=88 test_seed=6312199452536679782 (0.108 ms)
  PASS ft_strlen.random iteration=89 test_seed=16664156450047173248 (0.190 ms)
  PASS ft_strlen.random iteration=90 test_seed=6418371043098737592 (0.111 ms)
  PASS ft_strlen.random iteration=91 test_seed=2477937955910545589 (0.302 ms)
  PASS ft_strlen.random iteration=92 test_seed=12720994768713509029 (0.223 ms)
  PASS ft_strlen.random iteration=93 test_seed=16772398563237613376 (0.190 ms)
  PASS ft_strlen.random iteration=94 test_seed=5761430223939073727 (0.244 ms)
  PASS ft_strlen.random iteration=95 test_seed=4381812607568329384 (0.190 ms)
  PASS ft_strlen.random iteration=96 test_seed=14711537562929312297 (0.218 ms)
  PASS ft_strlen.random iteration=97 test_seed=1558386896033239569 (0.240 ms)
  PASS ft_strlen.random iteration=98 test_seed=1827275725559724066 (0.235 ms)
  PASS ft_strlen.random iteration=99 test_seed=12256581098353360918 (0.268 ms)

Summary:
103 PASS
0 FAIL
0 CRASH
0 TIMEOUT
0 LEAK
0 SKIP
0 ERROR
ft_memset: PASS
  PASS ft_memset.basic (0.175 ms)

Summary:
1 PASS
0 FAIL
0 CRASH
0 TIMEOUT
0 LEAK
0 SKIP
0 ERROR
ft_bzero: PASS (compiled; no registered tests)
ft_memcpy: MISSING (source not found: ft_memcpy.c)
ft_memmove: MISSING (source not found: ft_memmove.c)
ft_strlcpy: PASS (compiled; no registered tests)
ft_strlcat: PASS (compiled; no registered tests)
ft_toupper: PASS (compiled; no registered tests)
ft_tolower: PASS (compiled; no registered tests)
ft_strchr: PASS (compiled; no registered tests)
ft_strrchr: PASS (compiled; no registered tests)
ft_strncmp: FAIL (failed to compile the test worker)
  stderr:
/home/kpiwan/Projects/42-projects/common-core/libft/ft_strncmp.c:13:48: error: unknown type name 'size_t'
int     ft_strncmp(const char *s1, const char *s2, size_t n);
                                                   ^
/home/kpiwan/Projects/42-projects/common-core/libft/ft_strncmp.c:15:48: error: unknown type name 'size_t'
int     ft_strncmp(const char *s1, const char *s2, size_t n)
                                                   ^
/home/kpiwan/Projects/42-projects/common-core/libft/ft_strncmp.c:17:2: error: use of undeclared identifier 'size_t'; did you mean 'sizeof'?
        size_t  counter;
        ^~~~~~
        sizeof
/home/kpiwan/Projects/42-projects/common-core/libft/ft_strncmp.c:17:9: error: use of undeclared identifier 'counter'
        size_t  counter;
                ^
/home/kpiwan/Projects/42-projects/common-core/libft/ft_strncmp.c:19:2: error: use of undeclared identifier 'counter'
        counter = 0;
        ^
/home/kpiwan/Projects/42-projects/common-core/libft/ft_strncmp.c:22:10: error: use of undeclared identifier 'counter'
        while ((counter < (n - 1)) && (s1[counter] == s2[counter] && (s1[counter])))
                ^
/home/kpiwan/Projects/42-projects/common-core/libft/ft_strncmp.c:22:36: error: use of undeclared identifier 'counter'
        while ((counter < (n - 1)) && (s1[counter] == s2[counter] && (s1[counter])))
                                          ^
/home/kpiwan/Projects/42-projects/common-core/libft/ft_strncmp.c:22:51: error: use of undeclared identifier 'counter'
        while ((counter < (n - 1)) && (s1[counter] == s2[counter] && (s1[counter])))
                                                         ^
/home/kpiwan/Projects/42-projects/common-core/libft/ft_strncmp.c:22:67: error: use of undeclared identifier 'counter'
        while ((counter < (n - 1)) && (s1[counter] == s2[counter] && (s1[counter])))
                                                                         ^
/home/kpiwan/Projects/42-projects/common-core/libft/ft_strncmp.c:23:3: error: use of undeclared identifier 'counter'
                counter++;
                ^
/home/kpiwan/Projects/42-projects/common-core/libft/ft_strncmp.c:24:28: error: use of undeclared identifier 'counter'
        return ((unsigned char)s1[counter] - (unsigned char)s2[counter]);
                                  ^
/home/kpiwan/Projects/42-projects/common-core/libft/ft_strncmp.c:24:57: error: use of undeclared identifier 'counter'
        return ((unsigned char)s1[counter] - (unsigned char)s2[counter]);
                                                               ^
/home/kpiwan/Projects/42-projects/common-core/libft/ft_strncmp.c:17:2: error: expression result unused [-Werror,-Wunused-value]
        size_t  counter;
        ^~~~~~~~~~~~~~~
13 errors generated.
ft_memchr: PASS (compiled; no registered tests)
ft_memcmp: MISSING (source not found: ft_memcmp.c)
ft_strnstr: MISSING (source not found: ft_strnstr.c)
ft_atoi: PASS (compiled; no registered tests)
ft_calloc: FAIL (failed to compile the test worker)
  stderr:
/usr/bin/ld: /tmp/symbol_probe-f3f4d0.o:(.data+0x0): undefined reference to `ft_calloc'
clang: error: linker command failed with exit code 1 (use -v to see invocation)
ft_strdup: MISSING (source not found: ft_strdup.c)
ft_substr: MISSING (source not found: ft_substr.c)
ft_strjoin: MISSING (source not found: ft_strjoin.c)
ft_strtrim: MISSING (source not found: ft_strtrim.c)
ft_split: MISSING (source not found: ft_split.c)
ft_itoa: FAIL (failed to compile the test worker)
  stderr:
/home/kpiwan/Projects/42-projects/common-core/libft/ft_itoa.c:20:2: error: call to undeclared library function 'malloc' with type 'void *(unsigned long)'; ISO C99 and later do not support implicit function declarations [-Werror,-Wimplicit-function-declaration]
        malloc(); if (n > 10)
        ^
/home/kpiwan/Projects/42-projects/common-core/libft/ft_itoa.c:20:2: note: include the header <stdlib.h> or explicitly provide a declaration for 'malloc'
/home/kpiwan/Projects/42-projects/common-core/libft/ft_itoa.c:20:9: error: too few arguments to function call, expected 1, have 0
        malloc(); if (n > 10)
        ~~~~~~ ^
2 errors generated.
ft_strmapi: MISSING (source not found: ft_strmapi.c)
ft_striteri: MISSING (source not found: ft_striteri.c)
ft_putchar_fd: PASS (compiled; no registered tests)
ft_putstr_fd: FAIL (failed to compile the test worker)
  stderr:
/usr/bin/ld: /tmp/ft_putstr_fd-fd9c2e.o: in function `ft_putstr_fd':
ft_putstr_fd.c:(.text+0x29): undefined reference to `ft_putchar_fd'
clang: error: linker command failed with exit code 1 (use -v to see invocation)
ft_putendl_fd: PASS (compiled; no registered tests)
ft_putnbr_fd: PASS (compiled; no registered tests)
